
 ets Jan  8 2013,rst cause:2, boot mode:(3,6)

load 0x40100000, len 7040, room 16
tail 0
chksum 0xee
load 0x3ffe8408, len 24, room 8
tail 0
chksum 0x67
load 0x3ffe8420, len 3324, room 8
tail 4
chksum 0x47
csum 0x47
I (42) boot: ESP-IDF v3.4-49-g0f200b46 2nd stage bootloader
I (42) boot: compile time 18:24:00
I (43) qio_mode: Enabling default flash chip QIO
I (51) boot: SPI Speed      : 40MHz
I (57) boot: SPI Mode       : QIO
I (63) boot: SPI Flash Size : 2MB
I (69) boot: Partition Table:
I (75) boot: ## Label            Usage          Type ST Offset   Length
I (86) boot:  0 nvs              WiFi data        01 02 00009000 00006000
I (98) boot:  1 phy_init         RF data          01 01 0000f000 00001000
I (109) boot:  2 factory          factory app      00 00 00010000 000f0000
I (121) boot: End of partition table
I (127) esp_image: segment 0: paddr=0x00010010 vaddr=0x40210010 size=0x170b4 ( 94388) map
I (172) esp_image: segment 1: paddr=0x000270cc vaddr=0x402270c4 size=0x05cc8 ( 23752) map
I (181) esp_image: segment 2: paddr=0x0002cd9c vaddr=0x3ffe8000 size=0x003dc (   988) load
I (184) esp_image: segment 3: paddr=0x0002d180 vaddr=0x40100000 size=0x00080 (   128) load
I (197) esp_image: segment 4: paddr=0x0002d208 vaddr=0x40100080 size=0x04558 ( 17752) load
I (216) boot: Loaded app from partition at offset 0x10000
I (330) gpio: GPIO[0]| InputEn: 0| OutputEn: 1| OpenDrain: 1| Pullup: 1| Pulldown: 0| Intr:0
I (332) gpio: GPIO[2]| InputEn: 0| OutputEn: 1| OpenDrain: 1| Pullup: 1| Pulldown: 0| Intr:0
I (343) main: Configuration Bits: 17026

I (351) main: ADS1115 Read!

I (356) main: Voltage = 0.0 V

I (2360) main: ADS1115 Read!

I (2361) main: Voltage = 3.30 V

I (4360) main: ADS1115 Read!

I (4361) main: Voltage = 3.30 V

I (6360) main: ADS1115 Read!

I (6361) main: Voltage = 3.30 V

I (8360) main: ADS1115 Read!

I (8361) main: Voltage = 3.30 V

I (10361) main: ADS1115 Read!

I (10362) main: Voltage = 3.30 V

I (12361) main: ADS1115 Read!

I (12362) main: Voltage = 0.54 V

I (14361) main: ADS1115 Read!

I (14362) main: Voltage = 0.23 V

I (16361) main: ADS1115 Read!

I (16362) main: Voltage = 0.23 V

I (18361) main: ADS1115 Read!

I (18362) main: Voltage = 0.87 V

I (20362) main: ADS1115 Read!

I (20363) main: Voltage = 0.62 V

I (22362) main: ADS1115 Read!

I (22363) main: Voltage = 0.53 V

I (24362) main: ADS1115 Read!

I (24363) main: Voltage = 0.27 V

I (26362) main: ADS1115 Read!

I (26363) main: Voltage = 8.19 V

I (28362) main: ADS1115 Read!

I (28363) main: Voltage = 8.19 V

I (30363) main: ADS1115 Read!

I (30364) main: Voltage = 8.19 V

I (32363) main: ADS1115 Read!

I (32364) main: Voltage = 0.0 V

I (34363) main: ADS1115 Read!

I (34364) main: Voltage = 8.19 V

I (36363) main: ADS1115 Read!

I (36364) main: Voltage = 8.19 V

I (38363) main: ADS1115 Read!

I (38364) main: Voltage = 8.19 V

I (40364) main: ADS1115 Read!

I (40365) main: Voltage = 0.60 V

I (42364) main: ADS1115 Read!

I (42365) main: Voltage = 3.30 V

I (44364) main: ADS1115 Read!

I (44365) main: Voltage = 3.30 V

